0xe6080
0 0x1.71547652b82fep+7
1 -0x1.62e42fefa0000p-8
2 -0x1.cf79abc9e3b3ap-47
3 0x1.ffffffffffdbdp-2
4 0x1.555555555543cp-3
5 0x1.55555cf172b91p-5
6 0x1.1111167a4d017p-7
7 0x1.8000000000000p+52
0xe71e0
0 0x1.62e42fefa3800p-1
1 0x1.ef35793c76730p-45
2 -0x1.0000000000001p-1
3 0x1.555555551305bp-2
4 -0x1.fffffffeb4590p-3
5 0x1.999b324f10111p-3
6 -0x1.55575e506c89fp-3
7 -0x1.0000000000000p-1
8 0x1.5555555555577p-2
9 -0x1.ffffffffffdcbp-3
10 0x1.999999995dd0cp-3
11 -0x1.55555556745a7p-3
12 0x1.24924a344de30p-3
13 -0x1.fffffa4423d65p-4
14 0x1.c7184282ad6cap-4
15 -0x1.999eb43b068ffp-4
16 0x1.78182f7afd085p-4
17 -0x1.5521375d145cdp-4
0xe8280
0 0x1.62e42fefa3800p-1
1 0x1.ef35793c76730p-45
2 -0x1.0000000000000p-1
3 -0x1.5555555555560p-1
4 0x1.0000000000006p-1
5 0x1.999999959554ep-1
6 -0x1.555555529a47ap-1
7 -0x1.2495b9b4845e9p+0
8 0x1.0002b8b263fc3p+0
